<html>
<body>
<pre>
<h1>µVision Build Log</h1>
<h2>Project:</h2>
E:\Hala\program files\Texas\keil\Labware\prnew\SpaceInvaders.uvproj
Project File Date:  06/05/2018

<h2>Output:</h2>
Rebuild target 'SpaceInvaders'
assembling startup.s...
compiling Nokia5110.c...
assembling random.s...
compiling SpaceInvaders.c...
SpaceInvaders.c(20): warning:  #1295-D: Deprecated declaration printScreen - give arg types
  void printScreen();
SpaceInvaders.c(21): warning:  #1295-D: Deprecated declaration draw - give arg types
  void draw();
SpaceInvaders.c(22): warning:  #1295-D: Deprecated declaration draw_tie - give arg types
  void draw_tie();
SpaceInvaders.c(26): warning:  #1295-D: Deprecated declaration view - give arg types
  void view ();
SpaceInvaders.c(27): warning:  #1295-D: Deprecated declaration Screen1 - give arg types
  void Screen1();
SpaceInvaders.c(28): warning:  #1295-D: Deprecated declaration mode1 - give arg types
  void mode1();
SpaceInvaders.c(29): warning:  #1295-D: Deprecated declaration mode2 - give arg types
  void mode2();
SpaceInvaders.c(30): warning:  #1295-D: Deprecated declaration HIDE_SHOW_X - give arg types
  void HIDE_SHOW_X();
SpaceInvaders.c(31): warning:  #1295-D: Deprecated declaration HIDE_SHOW_O - give arg types
  void HIDE_SHOW_O();
SpaceInvaders.c(32): warning:  #1295-D: Deprecated declaration Master_Slave - give arg types
  void Master_Slave();
SpaceInvaders.c(33): warning:  #1295-D: Deprecated declaration First_Second - give arg types
  void First_Second();
SpaceInvaders.c(34): warning:  #1295-D: Deprecated declaration HIDE - give arg types
  void HIDE();
SpaceInvaders.c(38): warning:  #1295-D: Deprecated declaration generate_ply2 - give arg types
  void generate_ply2();
SpaceInvaders.c(39): warning:  #1295-D: Deprecated declaration mode - give arg types
  void mode();
SpaceInvaders.c(40): warning:  #1295-D: Deprecated declaration SHOW - give arg types
  void SHOW();
SpaceInvaders.c(42): warning:  #1295-D: Deprecated declaration tie - give arg types
  int tie();
SpaceInvaders.c(43): warning:  #1295-D: Deprecated declaration generate_mode2 - give arg types
  void generate_mode2();
SpaceInvaders.c(233): warning:  #1295-D: Deprecated declaration Screen1 - give arg types
  void Screen1();
SpaceInvaders.c(698): warning:  #111-D: statement is unreachable
                  row=0;
SpaceInvaders.c(441): warning:  #550-D: variable "valid" was set but never used
          unsigned int valid=1,Tie=0,master_row,master_column,coun=1;
SpaceInvaders.c(441): warning:  #177-D: variable "coun" was declared but never referenced
          unsigned int valid=1,Tie=0,master_row,master_column,coun=1;
SpaceInvaders.c(1126): warning:  #550-D: variable "r1" was set but never used
      int x,y,q=0,ar[4],a1=0,a2,a3,b=1,m1=0,u=0, r1 , r2,bo1=0 ,bo2=0;
SpaceInvaders.c(1126): warning:  #550-D: variable "r2" was set but never used
      int x,y,q=0,ar[4],a1=0,a2,a3,b=1,m1=0,u=0, r1 , r2,bo1=0 ,bo2=0;
SpaceInvaders.c(1459): warning:  #550-D: variable "r1" was set but never used
  int x,y,q=0,ar[4],a1=0,a2,a3,b=1,m1=0,u=0, r1 , r2,bo1=0 ,bo2=0;
SpaceInvaders.c(1459): warning:  #550-D: variable "r2" was set but never used
  int x,y,q=0,ar[4],a1=0,a2,a3,b=1,m1=0,u=0, r1 , r2,bo1=0 ,bo2=0;
SpaceInvaders.c: 25 warnings, 0 errors
compiling TExaS.c...
compiling UART.c...
linking...
Program Size: Code=11244 RO-data=2788 RW-data=1204 ZI-data=6652  
".\SpaceInvaders.axf" - 0 Error(s), 25 Warning(s).
).
Warning(s).
Target not created
